// Jest Snapshot v1, https://goo.gl/fbAQLP

exports[`PageHome component should render 1`] = `
<div>
  <h2
    class="sc-AxjAm hDBDAG"
  >
    Your Account Balances:
  </h2>
  <ul
    class="sc-AxirZ YsMMV"
  >
    <li>
      USD: $
      50
    </li>
    <li>
      GBP: £
      50
    </li>
    <li>
      EUR: €
      50
    </li>
  </ul>
</div>
`;
