// Jest Snapshot v1, https://goo.gl/fbAQLP

exports[`PageHome component should render 1`] = `
<div>
  <h2
    class="sc-AxjAm hDBDAG"
  >
    Your Account Balances:
  </h2>
  <ul
    class="sc-AxirZ diVtBJ"
  >
    <li
      class="sc-AxiKw bMLjCv"
    >
      EUR
      : 
      €
      50
    </li>
    <li
      class="sc-AxiKw bMLjCv"
    >
      GBP
      : 
      £
      50
    </li>
    <li
      class="sc-AxiKw bMLjCv"
    >
      USD
      : 
      $
      50
    </li>
  </ul>
</div>
`;
