// Jest Snapshot v1, https://goo.gl/fbAQLP

exports[`App component should render 1`] = `
<div>
  <h1>
    Revolut Currency Exchange
  </h1>
  <h3>
    Accounts:
  </h3>
  <ul>
    <li>
      USD: $
      50
    </li>
    <li>
      GBP: £
      50
    </li>
    <li>
      EUR: €
      50
    </li>
  </ul>
  <div>
    <label>
      USD ($50)
      <input
        type="number"
        value="0"
      />
    </label>
    <label>
      GBP (£50)
      <input
        type="number"
        value="0"
      />
    </label>
    <button
      type="button"
    >
      Exchange
    </button>
    <button
      type="button"
    >
      Swap
    </button>
  </div>
</div>
`;
